../Core/Src/lab8.c:24:6:small_delay	8	static
../Core/Src/lab8.c:40:6:TIM6_DAC_IRQHandler	144	static
../Core/Src/lab8.c:56:6:init_exti_pb2	0	static
../Core/Src/lab8.c:67:6:init_exti_pa0	0	static
../Core/Src/lab8.c:97:6:tim6_init	8	static
../Core/Src/lab8.c:106:6:tim6_start	0	static
../Core/Src/lab8.c:110:6:tim6_stop	0	static
../Core/Src/lab8.c:114:6:LCD_update_status	40	static
../Core/Src/lab8.c:79:6:EXTI0_1_IRQHandler	24	static
../Core/Src/lab8.c:89:6:EXTI2_3_IRQHandler	24	static
../Core/Src/lab8.c:122:5:main	8	static
