../Core/Src/lab8.c:16:6:enable_ports	0	static
../Core/Src/lab8.c:75:6:setup_bb	0	static
../Core/Src/lab8.c:87:6:small_delay	8	static
../Core/Src/lab8.c:95:6:bb_write_bit	16	static
../Core/Src/lab8.c:121:6:bb_write_halfword	24	static
../Core/Src/lab8.c:135:6:drive_bb	8	static
../Core/Src/lab8.c:148:6:setup_dma	0	static
../Core/Src/lab8.c:167:6:enable_dma	0	static
../Core/Src/lab8.c:177:6:init_tim15	0	static
../Core/Src/lab8.c:193:6:init_spi2	0	static
../Core/Src/lab8.c:221:6:spi2_setup_dma	8	static
../Core/Src/lab8.c:231:6:spi2_enable_dma	8	static
../Core/Src/lab8.c:238:6:setup_spi1	8	static
../Core/Src/lab8.c:299:6:spi_cmd	0	static
../Core/Src/lab8.c:304:6:spi2_cmd	0	static
../Core/Src/lab8.c:308:6:spi_data	8	static
../Core/Src/lab8.c:311:6:spi2_data	8	static
../Core/Src/lab8.c:315:6:spi2_init_oled	8	static
../Core/Src/lab8.c:325:6:spi1_init_oled	8	static
../Core/Src/lab8.c:335:6:spi1_display1	8	static
../Core/Src/lab8.c:343:6:spi2_display1	8	static
../Core/Src/lab8.c:350:6:spi1_display2	8	static
../Core/Src/lab8.c:358:6:spi2_display2	8	static
../Core/Src/lab8.c:366:6:init_tim6	8	static
../Core/Src/lab8.c:378:6:TIM6_DAC_IRQHandler	48	static
../Core/Src/lab8.c:422:6:spi1_setup_dma	0	static
../Core/Src/lab8.c:458:6:spi1_enable_dma	0	static
../Core/Src/lab8.c:467:5:main	8	static
