../Core/Src/lcd.c:50:13:tft_reset	0	static
../Core/Src/lcd.c:60:13:tft_reg_select	0	static
../Core/Src/lcd.c:29:13:tft_select	0	static
../Core/Src/lcd.c:78:6:LCD_Reset	8	static,ignoring_inline_asm
../Core/Src/lcd.c:149:6:LCD_WR_REG	8	static
../Core/Src/lcd.c:159:6:LCD_WR_DATA	8	static
../Core/Src/lcd.c:169:6:LCD_WriteData16_Prepare	8	static
../Core/Src/lcd.c:176:6:LCD_WriteData16	0	static
../Core/Src/lcd.c:184:6:LCD_WriteData16_End	0	static
../Core/Src/lcd.c:191:6:LCD_WriteReg	8	static
../Core/Src/lcd.c:198:6:LCD_WriteRAM_Prepare	8	static
../Core/Src/lcd.c:204:6:LCD_direction	8	static
../Core/Src/lcd.c:235:6:LCD_Init	8	static,ignoring_inline_asm
../Core/Src/lcd.c:357:6:init_lcd_spi	0	static
../Core/Src/lcd.c:349:6:LCD_Setup	8	static
../Core/Src/lcd.c:379:6:LCD_SetWindow	32	static
../Core/Src/lcd.c:419:13:_LCD_DrawPoint	8	static
../Core/Src/lcd.c:437:13:_LCD_DrawLine	56	static
../Core/Src/lcd.c:521:13:_draw_circle_8	40	static
../Core/Src/lcd.c:496:13:_LCD_Fill	32	static
../Core/Src/lcd.c:399:6:LCD_Clear	24	static
../Core/Src/lcd.c:427:6:LCD_DrawPoint	24	static
../Core/Src/lcd.c:473:6:LCD_DrawLine	40	static
../Core/Src/lcd.c:483:6:LCD_DrawRectangle	40	static
../Core/Src/lcd.c:514:6:LCD_DrawFillRectangle	40	static
../Core/Src/lcd.c:537:6:LCD_Circle	48	static
../Core/Src/lcd.c:576:6:LCD_DrawTriangle	48	static
../Core/Src/lcd.c:596:6:LCD_DrawFillTriangle	88	static
../Core/Src/lcd.c:889:6:_LCD_DrawChar	56	static
../Core/Src/lcd.c:929:6:LCD_DrawChar	56	static
../Core/Src/lcd.c:943:6:LCD_DrawString	56	static
../Core/Src/lcd.c:960:6:LCD_DrawPicture	48	static
