../Core/Src/lcd.c:29:13:tft_select	16	static
../Core/Src/lcd.c:50:13:tft_reset	16	static
../Core/Src/lcd.c:60:13:tft_reg_select	16	static
../Core/Src/lcd.c:72:20:nano_wait	16	static,ignoring_inline_asm
../Core/Src/lcd.c:78:6:LCD_Reset	8	static
../Core/Src/lcd.c:149:6:LCD_WR_REG	16	static
../Core/Src/lcd.c:159:6:LCD_WR_DATA	16	static
../Core/Src/lcd.c:169:6:LCD_WriteData16_Prepare	8	static
../Core/Src/lcd.c:176:6:LCD_WriteData16	16	static
../Core/Src/lcd.c:184:6:LCD_WriteData16_End	8	static
../Core/Src/lcd.c:191:6:LCD_WriteReg	16	static
../Core/Src/lcd.c:198:6:LCD_WriteRAM_Prepare	8	static
../Core/Src/lcd.c:204:6:LCD_direction	16	static
../Core/Src/lcd.c:235:6:LCD_Init	24	static
../Core/Src/lcd.c:349:6:LCD_Setup	8	static
../Core/Src/lcd.c:357:6:init_lcd_spi	8	static
../Core/Src/lcd.c:379:6:LCD_SetWindow	24	static
../Core/Src/lcd.c:399:6:LCD_Clear	24	static
../Core/Src/lcd.c:419:13:_LCD_DrawPoint	24	static
../Core/Src/lcd.c:427:6:LCD_DrawPoint	24	static
../Core/Src/lcd.c:437:13:_LCD_DrawLine	64	static
../Core/Src/lcd.c:473:6:LCD_DrawLine	32	static
../Core/Src/lcd.c:483:6:LCD_DrawRectangle	32	static
../Core/Src/lcd.c:496:13:_LCD_Fill	32	static
../Core/Src/lcd.c:514:6:LCD_DrawFillRectangle	32	static
../Core/Src/lcd.c:521:13:_draw_circle_8	32	static
../Core/Src/lcd.c:537:6:LCD_Circle	48	static
../Core/Src/lcd.c:576:6:LCD_DrawTriangle	40	static
../Core/Src/lcd.c:585:13:_swap	24	static
../Core/Src/lcd.c:596:6:LCD_DrawFillTriangle	72	static
../Core/Src/lcd.c:889:6:_LCD_DrawChar	32	static
../Core/Src/lcd.c:929:6:LCD_DrawChar	40	static
../Core/Src/lcd.c:943:6:LCD_DrawString	48	static
../Core/Src/lcd.c:960:6:LCD_DrawPicture	64	static
