../Core/Src/support.c:5:6:nano_wait	16	static,ignoring_inline_asm
../Core/Src/support.c:52:6:set_digit_segments	16	static
../Core/Src/support.c:56:6:print	24	static
../Core/Src/support.c:69:6:printfloat	40	static
../Core/Src/support.c:83:6:append_segments	24	static
../Core/Src/support.c:90:6:clear_display	16	static
../Core/Src/support.c:104:6:push_queue	16	static
../Core/Src/support.c:109:6:pop_queue	16	static
../Core/Src/support.c:116:6:update_history	24	static
../Core/Src/support.c:128:6:drive_column	16	static
../Core/Src/support.c:133:5:read_rows	8	static
../Core/Src/support.c:138:6:get_key_event	8	static,ignoring_inline_asm
../Core/Src/support.c:147:6:get_keypress	24	static
../Core/Src/support.c:159:6:show_keys	32	static
../Core/Src/support.c:171:6:dot	8	static
../Core/Src/support.c:177:6:spi1_dma_display1	24	static
../Core/Src/support.c:191:6:spi1_dma_display2	24	static
../Core/Src/support.c:209:6:TIM17_IRQHandler	32	static
../Core/Src/support.c:260:6:init_tim17	8	static
../Core/Src/support.c:278:6:game	24	static,ignoring_inline_asm
